Use make V=1 or set BUILD_VERBOSE in your environment to increase build verbosity.
GEN build-VK_RA4M2-r4/genhdr/qstr.i.last
GEN build-VK_RA4M2-r4/genhdr/qstr.split
GEN build-VK_RA4M2-r4/genhdr/moduledefs.split
GEN build-VK_RA4M2-r4/genhdr/root_pointers.split
GEN build-VK_RA4M2-r4/genhdr/compressed.split
GEN build-VK_RA4M2-r4/genhdr/qstrdefs.collected.h
GEN build-VK_RA4M2-r4/genhdr/moduledefs.collected
GEN build-VK_RA4M2-r4/genhdr/root_pointers.collected
GEN build-VK_RA4M2-r4/genhdr/compressed.collected
Module registrations not updated
QSTR not updated
Root pointer registrations not updated
Compressed data not updated
CC lorawan/glue/timer_board.c
CC lorawan/radio/radio.c
CC lorawan/system/systime.c
CC ../../lib/fsp/ra/fsp/src/bsp/cmsis/Device/RENESAS/Source/system.c
AS ../../shared/runtime/gchelper_thumb2.s
CC build-VK_RA4M2-r4/pins_VK_RA4M2.c
CC build-VK_RA4M2-r4/frozen_content.c
LINK build-VK_RA4M2-r4/firmware.elf
C:\msys_64\mingw64\bin\arm-none-eabi-ld.exe: warning: build-VK_RA4M2-r4/firmware.elf has a LOAD segment with RWX permissions
   text	   data	    bss	    dec	    hex	filename
 328640	      0	 129212	 457852	  6fc7c	build-VK_RA4M2-r4/firmware.elf
GEN build-VK_RA4M2-r4/firmware.hex
GEN build-VK_RA4M2-r4/firmware.bin
