Use make V=1 or set BUILD_VERBOSE in your environment to increase build verbosity.
GEN build-VK_RA4M2-renesas/genhdr/qstr.i.last
GEN build-VK_RA4M2-renesas/genhdr/qstr.split
GEN build-VK_RA4M2-renesas/genhdr/moduledefs.split
GEN build-VK_RA4M2-renesas/genhdr/root_pointers.split
GEN build-VK_RA4M2-renesas/genhdr/compressed.split
GEN build-VK_RA4M2-renesas/genhdr/compressed.collected
Compressed data not updated
GEN build-VK_RA4M2-renesas/genhdr/root_pointers.collected
Root pointer registrations not updated
GEN build-VK_RA4M2-renesas/genhdr/qstrdefs.collected.h
GEN build-VK_RA4M2-renesas/genhdr/moduledefs.collected
QSTR not updated
Module registrations not updated
CC lorawan/mod_lorawan.c
CC lorawan/glue/sx126x_board.c
CC lorawan/glue/utilities.c
LINK build-VK_RA4M2-renesas/firmware.elf
C:\msys_64\mingw64\bin\arm-none-eabi-ld.exe: warning: build-VK_RA4M2-renesas/firmware.elf has a LOAD segment with RWX permissions
   text	   data	    bss	    dec	    hex	filename
 328640	      0	 129212	 457852	  6fc7c	build-VK_RA4M2-renesas/firmware.elf
GEN build-VK_RA4M2-renesas/firmware.hex
GEN build-VK_RA4M2-renesas/firmware.bin
