Use make V=1 or set BUILD_VERBOSE in your environment to increase build verbosity.
GEN build-VK_RA4M2-r4/genhdr/qstr.i.last
GEN build-VK_RA4M2-r4/genhdr/qstr.split
GEN build-VK_RA4M2-r4/genhdr/moduledefs.split
GEN build-VK_RA4M2-r4/genhdr/root_pointers.split
GEN build-VK_RA4M2-r4/genhdr/compressed.split
GEN build-VK_RA4M2-r4/genhdr/compressed.collected
Compressed data not updated
GEN build-VK_RA4M2-r4/genhdr/qstrdefs.collected.h
GEN build-VK_RA4M2-r4/genhdr/moduledefs.collected
QSTR not updated
GEN build-VK_RA4M2-r4/genhdr/root_pointers.collected
Module registrations not updated
Root pointer registrations not updated
CC lorawan/glue/utilities.c
CC lorawan/mac/LoRaMac.c
CC lorawan/mac/LoRaMacClassB.c
CC lorawan/mac/LoRaMacCommands.c
In file included from lorawan/radio/sx126x.h:39,
                 from lorawan/glue/sx126x-board.h:27,
                 from lorawan/glue/board.h:39,
                 from lorawan/mac/LoRaMac.c:39:
lorawan/system/gpio.h:48:5: error: redeclaration of enumerator 'NC'
   48 |     NC = (int)0xFFFFFFFF
      |     ^~
In file included from lorawan/system/gpio.h:36:
lorawan/glue/pinName-board.h:23:5: note: previous definition of 'NC' with type 'enum <anonymous>'
   23 |     NC = -1,    /* No-connection sentinel — used by upstream when a
      |     ^~
lorawan/system/gpio.h:49:2: error: conflicting types for 'PinNames'; have 'enum <anonymous>'
   49 | }PinNames;
      |  ^~~~~~~~
lorawan/glue/pinName-board.h:25:3: note: previous declaration of 'PinNames' with type 'PinNames'
   25 | } PinNames;
      |   ^~~~~~~~
In file included from lorawan/radio/sx126x.h:39,
                 from lorawan/glue/sx126x-board.h:27,
                 from lorawan/glue/board.h:39,
                 from lorawan/mac/LoRaMacClassB.c:25:
lorawan/system/gpio.h:48:5: error: redeclaration of enumerator 'NC'
   48 |     NC = (int)0xFFFFFFFF
      |     ^~
In file included from lorawan/system/gpio.h:36:
lorawan/glue/pinName-board.h:23:5: note: previous definition of 'NC' with type 'enum <anonymous>'
   23 |     NC = -1,    /* No-connection sentinel — used by upstream when a
      |     ^~
lorawan/system/gpio.h:49:2: error: conflicting types for 'PinNames'; have 'enum <anonymous>'
   49 | }PinNames;
      |  ^~~~~~~~
lorawan/glue/pinName-board.h:25:3: note: previous declaration of 'PinNames' with type 'PinNames'
   25 | } PinNames;
      |   ^~~~~~~~
In file included from lorawan/radio/sx126x.h:39,
                 from lorawan/glue/sx126x-board.h:27,
                 from lorawan/glue/board.h:39,
                 from lorawan/glue/utilities.c:20:
lorawan/system/gpio.h:48:5: error: redeclaration of enumerator 'NC'
   48 |     NC = (int)0xFFFFFFFF
      |     ^~
In file included from lorawan/system/gpio.h:36:
lorawan/glue/pinName-board.h:23:5: note: previous definition of 'NC' with type 'enum <anonymous>'
   23 |     NC = -1,    /* No-connection sentinel — used by upstream when a
      |     ^~
lorawan/system/gpio.h:49:2: error: conflicting types for 'PinNames'; have 'enum <anonymous>'
   49 | }PinNames;
      |  ^~~~~~~~
lorawan/glue/pinName-board.h:25:3: note: previous declaration of 'PinNames' with type 'PinNames'
   25 | } PinNames;
      |   ^~~~~~~~
See [1;31mhttps://github.com/micropython/micropython/wiki/Build-Troubleshooting[0m
make: *** [../../py/mkrules.mk:101: build-VK_RA4M2-r4/lorawan/mac/LoRaMac.o] Error 1
make: *** Waiting for unfinished jobs....
See [1;31mhttps://github.com/micropython/micropython/wiki/Build-Troubleshooting[0m
make: *** [../../py/mkrules.mk:101: build-VK_RA4M2-r4/lorawan/glue/utilities.o] Error 1
See [1;31mhttps://github.com/micropython/micropython/wiki/Build-Troubleshooting[0m
make: *** [../../py/mkrules.mk:101: build-VK_RA4M2-r4/lorawan/mac/LoRaMacClassB.o] Error 1
In file included from lorawan/radio/sx126x.h:39,
                 from lorawan/glue/sx126x-board.h:27,
                 from lorawan/glue/board.h:39,
                 from lorawan/mac/LoRaMacCommands.c:25:
lorawan/system/gpio.h:48:5: error: redeclaration of enumerator 'NC'
   48 |     NC = (int)0xFFFFFFFF
      |     ^~
In file included from lorawan/system/gpio.h:36:
lorawan/glue/pinName-board.h:23:5: note: previous definition of 'NC' with type 'enum <anonymous>'
   23 |     NC = -1,    /* No-connection sentinel — used by upstream when a
      |     ^~
lorawan/system/gpio.h:49:2: error: conflicting types for 'PinNames'; have 'enum <anonymous>'
   49 | }PinNames;
      |  ^~~~~~~~
lorawan/glue/pinName-board.h:25:3: note: previous declaration of 'PinNames' with type 'PinNames'
   25 | } PinNames;
      |   ^~~~~~~~
See [1;31mhttps://github.com/micropython/micropython/wiki/Build-Troubleshooting[0m
make: *** [../../py/mkrules.mk:101: build-VK_RA4M2-r4/lorawan/mac/LoRaMacCommands.o] Error 1
