SEGGER J-Link GDB Server V8.48 Command Line Version

JLinkARM.dll V8.48 (DLL compiled Jul  2 2025 12:03:07)

-----GDB Server start settings-----
GDBInit file:                  none
GDB Server Listening port:     2331
SWO raw output listening port: 2332
Terminal I/O port:             2333
Accept remote connection:      localhost only
Generate logfile:              off
Verify download:               off
Init regs on start:            off
Silent mode:                   on
Single run mode:               on
Target connection timeout:     0 ms
------J-Link related settings------
J-Link Host interface:         USB
J-Link script:                 none
J-Link settings file:          none
------Target related settings------
Target device:                 R7FA4M2AD
Target device parameters:      none
Target interface:              SWD
Target interface speed:        4000kHz
Target endian:                 little

